[2025-11-04T04:51:40.749+0000] {processor.py:161} INFO - Started process (PID=188) to work on /opt/airflow/dags/pipeline.py
[2025-11-04T04:51:40.752+0000] {processor.py:830} INFO - Processing file /opt/airflow/dags/pipeline.py for tasks to queue
[2025-11-04T04:51:40.758+0000] {logging_mixin.py:188} INFO - [2025-11-04T04:51:40.757+0000] {dagbag.py:545} INFO - Filling up the DagBag from /opt/airflow/dags/pipeline.py
[2025-11-04T04:51:40.968+0000] {processor.py:840} INFO - DAG(s) 'pipeline' retrieved from /opt/airflow/dags/pipeline.py
[2025-11-04T04:51:41.636+0000] {logging_mixin.py:188} INFO - [2025-11-04T04:51:41.635+0000] {override.py:1829} INFO - Created Permission View: can delete on DAG:pipeline
[2025-11-04T04:51:41.645+0000] {logging_mixin.py:188} INFO - [2025-11-04T04:51:41.644+0000] {override.py:1829} INFO - Created Permission View: can read on DAG:pipeline
[2025-11-04T04:51:41.651+0000] {logging_mixin.py:188} INFO - [2025-11-04T04:51:41.651+0000] {override.py:1829} INFO - Created Permission View: can edit on DAG:pipeline
[2025-11-04T04:51:41.651+0000] {logging_mixin.py:188} INFO - [2025-11-04T04:51:41.651+0000] {dag.py:3096} INFO - Sync 1 DAGs
[2025-11-04T04:51:41.664+0000] {logging_mixin.py:188} INFO - [2025-11-04T04:51:41.664+0000] {dag.py:3118} INFO - Creating ORM DAG for pipeline
[2025-11-04T04:51:41.675+0000] {logging_mixin.py:188} INFO - [2025-11-04T04:51:41.674+0000] {dag.py:3954} INFO - Setting next_dagrun for pipeline to 2025-11-03 00:00:00+00:00, run_after=2025-11-04 00:00:00+00:00
[2025-11-04T04:51:41.690+0000] {processor.py:183} INFO - Processing /opt/airflow/dags/pipeline.py took 0.951 seconds
[2025-11-04T04:57:57.535+0000] {processor.py:161} INFO - Started process (PID=181) to work on /opt/airflow/dags/pipeline.py
[2025-11-04T04:57:57.539+0000] {processor.py:830} INFO - Processing file /opt/airflow/dags/pipeline.py for tasks to queue
[2025-11-04T04:57:57.546+0000] {logging_mixin.py:188} INFO - [2025-11-04T04:57:57.544+0000] {dagbag.py:545} INFO - Filling up the DagBag from /opt/airflow/dags/pipeline.py
[2025-11-04T04:57:57.816+0000] {processor.py:840} INFO - DAG(s) 'pipeline' retrieved from /opt/airflow/dags/pipeline.py
[2025-11-04T04:57:58.252+0000] {logging_mixin.py:188} INFO - [2025-11-04T04:57:58.251+0000] {override.py:1829} INFO - Created Permission View: can delete on DAG:pipeline
[2025-11-04T04:57:58.261+0000] {logging_mixin.py:188} INFO - [2025-11-04T04:57:58.261+0000] {override.py:1829} INFO - Created Permission View: can read on DAG:pipeline
[2025-11-04T04:57:58.269+0000] {logging_mixin.py:188} INFO - [2025-11-04T04:57:58.269+0000] {override.py:1829} INFO - Created Permission View: can edit on DAG:pipeline
[2025-11-04T04:57:58.270+0000] {logging_mixin.py:188} INFO - [2025-11-04T04:57:58.269+0000] {dag.py:3096} INFO - Sync 1 DAGs
[2025-11-04T04:57:58.294+0000] {logging_mixin.py:188} INFO - [2025-11-04T04:57:58.294+0000] {dag.py:3118} INFO - Creating ORM DAG for pipeline
[2025-11-04T04:57:58.308+0000] {logging_mixin.py:188} INFO - [2025-11-04T04:57:58.308+0000] {dag.py:3954} INFO - Setting next_dagrun for pipeline to 2025-11-03 00:00:00+00:00, run_after=2025-11-04 00:00:00+00:00
[2025-11-04T04:57:58.328+0000] {processor.py:183} INFO - Processing /opt/airflow/dags/pipeline.py took 0.805 seconds
[2025-11-04T04:58:28.755+0000] {processor.py:161} INFO - Started process (PID=186) to work on /opt/airflow/dags/pipeline.py
[2025-11-04T04:58:28.758+0000] {processor.py:830} INFO - Processing file /opt/airflow/dags/pipeline.py for tasks to queue
[2025-11-04T04:58:28.764+0000] {logging_mixin.py:188} INFO - [2025-11-04T04:58:28.762+0000] {dagbag.py:545} INFO - Filling up the DagBag from /opt/airflow/dags/pipeline.py
[2025-11-04T04:58:29.002+0000] {processor.py:840} INFO - DAG(s) 'pipeline' retrieved from /opt/airflow/dags/pipeline.py
[2025-11-04T04:58:29.071+0000] {logging_mixin.py:188} INFO - [2025-11-04T04:58:29.071+0000] {dag.py:3096} INFO - Sync 1 DAGs
[2025-11-04T04:58:29.100+0000] {logging_mixin.py:188} INFO - [2025-11-04T04:58:29.100+0000] {dag.py:3954} INFO - Setting next_dagrun for pipeline to 2025-11-03 00:00:00+00:00, run_after=2025-11-04 00:00:00+00:00
[2025-11-04T04:58:29.124+0000] {processor.py:183} INFO - Processing /opt/airflow/dags/pipeline.py took 0.384 seconds
[2025-11-04T04:58:59.402+0000] {processor.py:161} INFO - Started process (PID=191) to work on /opt/airflow/dags/pipeline.py
[2025-11-04T04:58:59.404+0000] {processor.py:830} INFO - Processing file /opt/airflow/dags/pipeline.py for tasks to queue
[2025-11-04T04:58:59.409+0000] {logging_mixin.py:188} INFO - [2025-11-04T04:58:59.408+0000] {dagbag.py:545} INFO - Filling up the DagBag from /opt/airflow/dags/pipeline.py
[2025-11-04T04:58:59.618+0000] {processor.py:840} INFO - DAG(s) 'pipeline' retrieved from /opt/airflow/dags/pipeline.py
[2025-11-04T04:58:59.676+0000] {logging_mixin.py:188} INFO - [2025-11-04T04:58:59.675+0000] {dag.py:3096} INFO - Sync 1 DAGs
[2025-11-04T04:58:59.705+0000] {logging_mixin.py:188} INFO - [2025-11-04T04:58:59.705+0000] {dag.py:3954} INFO - Setting next_dagrun for pipeline to 2025-11-03 00:00:00+00:00, run_after=2025-11-04 00:00:00+00:00
[2025-11-04T04:58:59.729+0000] {processor.py:183} INFO - Processing /opt/airflow/dags/pipeline.py took 0.336 seconds
[2025-11-04T04:59:30.149+0000] {processor.py:161} INFO - Started process (PID=196) to work on /opt/airflow/dags/pipeline.py
[2025-11-04T04:59:30.152+0000] {processor.py:830} INFO - Processing file /opt/airflow/dags/pipeline.py for tasks to queue
[2025-11-04T04:59:30.156+0000] {logging_mixin.py:188} INFO - [2025-11-04T04:59:30.155+0000] {dagbag.py:545} INFO - Filling up the DagBag from /opt/airflow/dags/pipeline.py
[2025-11-04T04:59:30.354+0000] {processor.py:840} INFO - DAG(s) 'pipeline' retrieved from /opt/airflow/dags/pipeline.py
[2025-11-04T04:59:30.401+0000] {logging_mixin.py:188} INFO - [2025-11-04T04:59:30.401+0000] {dag.py:3096} INFO - Sync 1 DAGs
[2025-11-04T04:59:30.423+0000] {logging_mixin.py:188} INFO - [2025-11-04T04:59:30.423+0000] {dag.py:3954} INFO - Setting next_dagrun for pipeline to 2025-11-03 00:00:00+00:00, run_after=2025-11-04 00:00:00+00:00
[2025-11-04T04:59:30.443+0000] {processor.py:183} INFO - Processing /opt/airflow/dags/pipeline.py took 0.304 seconds
[2025-11-04T05:00:00.760+0000] {processor.py:161} INFO - Started process (PID=201) to work on /opt/airflow/dags/pipeline.py
[2025-11-04T05:00:00.762+0000] {processor.py:830} INFO - Processing file /opt/airflow/dags/pipeline.py for tasks to queue
[2025-11-04T05:00:00.767+0000] {logging_mixin.py:188} INFO - [2025-11-04T05:00:00.765+0000] {dagbag.py:545} INFO - Filling up the DagBag from /opt/airflow/dags/pipeline.py
[2025-11-04T05:00:01.052+0000] {processor.py:840} INFO - DAG(s) 'pipeline' retrieved from /opt/airflow/dags/pipeline.py
[2025-11-04T05:00:01.102+0000] {logging_mixin.py:188} INFO - [2025-11-04T05:00:01.101+0000] {dag.py:3096} INFO - Sync 1 DAGs
[2025-11-04T05:00:01.170+0000] {logging_mixin.py:188} INFO - [2025-11-04T05:00:01.170+0000] {dag.py:3954} INFO - Setting next_dagrun for pipeline to 2025-11-03 00:00:00+00:00, run_after=2025-11-04 00:00:00+00:00
[2025-11-04T05:00:01.194+0000] {processor.py:183} INFO - Processing /opt/airflow/dags/pipeline.py took 0.449 seconds
[2025-11-04T05:00:31.266+0000] {processor.py:161} INFO - Started process (PID=206) to work on /opt/airflow/dags/pipeline.py
[2025-11-04T05:00:31.268+0000] {processor.py:830} INFO - Processing file /opt/airflow/dags/pipeline.py for tasks to queue
[2025-11-04T05:00:31.272+0000] {logging_mixin.py:188} INFO - [2025-11-04T05:00:31.271+0000] {dagbag.py:545} INFO - Filling up the DagBag from /opt/airflow/dags/pipeline.py
[2025-11-04T05:00:31.476+0000] {processor.py:840} INFO - DAG(s) 'pipeline' retrieved from /opt/airflow/dags/pipeline.py
[2025-11-04T05:00:31.523+0000] {logging_mixin.py:188} INFO - [2025-11-04T05:00:31.522+0000] {dag.py:3096} INFO - Sync 1 DAGs
[2025-11-04T05:00:31.554+0000] {logging_mixin.py:188} INFO - [2025-11-04T05:00:31.553+0000] {dag.py:3954} INFO - Setting next_dagrun for pipeline to 2025-11-03 00:00:00+00:00, run_after=2025-11-04 00:00:00+00:00
[2025-11-04T05:00:31.610+0000] {processor.py:183} INFO - Processing /opt/airflow/dags/pipeline.py took 0.355 seconds
[2025-11-04T05:01:01.895+0000] {processor.py:161} INFO - Started process (PID=211) to work on /opt/airflow/dags/pipeline.py
[2025-11-04T05:01:01.897+0000] {processor.py:830} INFO - Processing file /opt/airflow/dags/pipeline.py for tasks to queue
[2025-11-04T05:01:01.902+0000] {logging_mixin.py:188} INFO - [2025-11-04T05:01:01.901+0000] {dagbag.py:545} INFO - Filling up the DagBag from /opt/airflow/dags/pipeline.py
[2025-11-04T05:01:02.141+0000] {processor.py:840} INFO - DAG(s) 'pipeline' retrieved from /opt/airflow/dags/pipeline.py
[2025-11-04T05:01:02.191+0000] {logging_mixin.py:188} INFO - [2025-11-04T05:01:02.190+0000] {dag.py:3096} INFO - Sync 1 DAGs
[2025-11-04T05:01:02.298+0000] {logging_mixin.py:188} INFO - [2025-11-04T05:01:02.298+0000] {dag.py:3954} INFO - Setting next_dagrun for pipeline to 2025-11-03 00:00:00+00:00, run_after=2025-11-04 00:00:00+00:00
[2025-11-04T05:01:02.326+0000] {processor.py:183} INFO - Processing /opt/airflow/dags/pipeline.py took 0.445 seconds
[2025-11-04T05:01:32.631+0000] {processor.py:161} INFO - Started process (PID=216) to work on /opt/airflow/dags/pipeline.py
[2025-11-04T05:01:32.633+0000] {processor.py:830} INFO - Processing file /opt/airflow/dags/pipeline.py for tasks to queue
[2025-11-04T05:01:32.635+0000] {logging_mixin.py:188} INFO - [2025-11-04T05:01:32.635+0000] {dagbag.py:545} INFO - Filling up the DagBag from /opt/airflow/dags/pipeline.py
[2025-11-04T05:01:32.772+0000] {processor.py:840} INFO - DAG(s) 'pipeline' retrieved from /opt/airflow/dags/pipeline.py
[2025-11-04T05:01:32.811+0000] {logging_mixin.py:188} INFO - [2025-11-04T05:01:32.811+0000] {dag.py:3096} INFO - Sync 1 DAGs
[2025-11-04T05:01:32.832+0000] {logging_mixin.py:188} INFO - [2025-11-04T05:01:32.832+0000] {dag.py:3954} INFO - Setting next_dagrun for pipeline to 2025-11-03 00:00:00+00:00, run_after=2025-11-04 00:00:00+00:00
[2025-11-04T05:01:32.847+0000] {processor.py:183} INFO - Processing /opt/airflow/dags/pipeline.py took 0.223 seconds
[2025-11-04T05:02:02.944+0000] {processor.py:161} INFO - Started process (PID=221) to work on /opt/airflow/dags/pipeline.py
[2025-11-04T05:02:02.946+0000] {processor.py:830} INFO - Processing file /opt/airflow/dags/pipeline.py for tasks to queue
[2025-11-04T05:02:02.950+0000] {logging_mixin.py:188} INFO - [2025-11-04T05:02:02.949+0000] {dagbag.py:545} INFO - Filling up the DagBag from /opt/airflow/dags/pipeline.py
[2025-11-04T05:02:03.103+0000] {processor.py:840} INFO - DAG(s) 'pipeline' retrieved from /opt/airflow/dags/pipeline.py
[2025-11-04T05:02:03.148+0000] {logging_mixin.py:188} INFO - [2025-11-04T05:02:03.147+0000] {dag.py:3096} INFO - Sync 1 DAGs
[2025-11-04T05:02:03.169+0000] {logging_mixin.py:188} INFO - [2025-11-04T05:02:03.169+0000] {dag.py:3954} INFO - Setting next_dagrun for pipeline to 2025-11-03 00:00:00+00:00, run_after=2025-11-04 00:00:00+00:00
[2025-11-04T05:02:03.221+0000] {processor.py:183} INFO - Processing /opt/airflow/dags/pipeline.py took 0.287 seconds
[2025-11-04T05:02:33.611+0000] {processor.py:161} INFO - Started process (PID=226) to work on /opt/airflow/dags/pipeline.py
[2025-11-04T05:02:33.619+0000] {processor.py:830} INFO - Processing file /opt/airflow/dags/pipeline.py for tasks to queue
[2025-11-04T05:02:33.638+0000] {logging_mixin.py:188} INFO - [2025-11-04T05:02:33.636+0000] {dagbag.py:545} INFO - Filling up the DagBag from /opt/airflow/dags/pipeline.py
[2025-11-04T05:02:33.785+0000] {processor.py:840} INFO - DAG(s) 'pipeline' retrieved from /opt/airflow/dags/pipeline.py
[2025-11-04T05:02:33.805+0000] {logging_mixin.py:188} INFO - [2025-11-04T05:02:33.805+0000] {dag.py:3096} INFO - Sync 1 DAGs
[2025-11-04T05:02:33.829+0000] {logging_mixin.py:188} INFO - [2025-11-04T05:02:33.829+0000] {dag.py:3954} INFO - Setting next_dagrun for pipeline to 2025-11-03 00:00:00+00:00, run_after=2025-11-04 00:00:00+00:00
[2025-11-04T05:02:33.847+0000] {processor.py:183} INFO - Processing /opt/airflow/dags/pipeline.py took 0.311 seconds
[2025-11-04T05:03:04.262+0000] {processor.py:161} INFO - Started process (PID=231) to work on /opt/airflow/dags/pipeline.py
[2025-11-04T05:03:04.264+0000] {processor.py:830} INFO - Processing file /opt/airflow/dags/pipeline.py for tasks to queue
[2025-11-04T05:03:04.289+0000] {logging_mixin.py:188} INFO - [2025-11-04T05:03:04.275+0000] {dagbag.py:545} INFO - Filling up the DagBag from /opt/airflow/dags/pipeline.py
[2025-11-04T05:03:04.763+0000] {processor.py:840} INFO - DAG(s) 'pipeline' retrieved from /opt/airflow/dags/pipeline.py
[2025-11-04T05:03:04.949+0000] {logging_mixin.py:188} INFO - [2025-11-04T05:03:04.948+0000] {dag.py:3096} INFO - Sync 1 DAGs
[2025-11-04T05:03:04.971+0000] {logging_mixin.py:188} INFO - [2025-11-04T05:03:04.971+0000] {dag.py:3954} INFO - Setting next_dagrun for pipeline to 2025-11-03 00:00:00+00:00, run_after=2025-11-04 00:00:00+00:00
[2025-11-04T05:03:04.991+0000] {processor.py:183} INFO - Processing /opt/airflow/dags/pipeline.py took 0.764 seconds
[2025-11-04T05:03:35.307+0000] {processor.py:161} INFO - Started process (PID=236) to work on /opt/airflow/dags/pipeline.py
[2025-11-04T05:03:35.309+0000] {processor.py:830} INFO - Processing file /opt/airflow/dags/pipeline.py for tasks to queue
[2025-11-04T05:03:35.314+0000] {logging_mixin.py:188} INFO - [2025-11-04T05:03:35.314+0000] {dagbag.py:545} INFO - Filling up the DagBag from /opt/airflow/dags/pipeline.py
[2025-11-04T05:03:35.481+0000] {processor.py:840} INFO - DAG(s) 'pipeline' retrieved from /opt/airflow/dags/pipeline.py
[2025-11-04T05:03:35.528+0000] {logging_mixin.py:188} INFO - [2025-11-04T05:03:35.528+0000] {dag.py:3096} INFO - Sync 1 DAGs
[2025-11-04T05:03:35.551+0000] {logging_mixin.py:188} INFO - [2025-11-04T05:03:35.551+0000] {dag.py:3954} INFO - Setting next_dagrun for pipeline to 2025-11-03 00:00:00+00:00, run_after=2025-11-04 00:00:00+00:00
[2025-11-04T05:03:35.567+0000] {processor.py:183} INFO - Processing /opt/airflow/dags/pipeline.py took 0.270 seconds
[2025-11-04T05:04:05.723+0000] {processor.py:161} INFO - Started process (PID=241) to work on /opt/airflow/dags/pipeline.py
[2025-11-04T05:04:05.725+0000] {processor.py:830} INFO - Processing file /opt/airflow/dags/pipeline.py for tasks to queue
[2025-11-04T05:04:05.730+0000] {logging_mixin.py:188} INFO - [2025-11-04T05:04:05.729+0000] {dagbag.py:545} INFO - Filling up the DagBag from /opt/airflow/dags/pipeline.py
[2025-11-04T05:04:05.940+0000] {processor.py:840} INFO - DAG(s) 'pipeline' retrieved from /opt/airflow/dags/pipeline.py
[2025-11-04T05:04:05.982+0000] {logging_mixin.py:188} INFO - [2025-11-04T05:04:05.981+0000] {dag.py:3096} INFO - Sync 1 DAGs
[2025-11-04T05:04:06.008+0000] {logging_mixin.py:188} INFO - [2025-11-04T05:04:06.008+0000] {dag.py:3954} INFO - Setting next_dagrun for pipeline to 2025-11-03 00:00:00+00:00, run_after=2025-11-04 00:00:00+00:00
[2025-11-04T05:04:06.032+0000] {processor.py:183} INFO - Processing /opt/airflow/dags/pipeline.py took 0.318 seconds
[2025-11-04T05:04:36.365+0000] {processor.py:161} INFO - Started process (PID=246) to work on /opt/airflow/dags/pipeline.py
[2025-11-04T05:04:36.368+0000] {processor.py:830} INFO - Processing file /opt/airflow/dags/pipeline.py for tasks to queue
[2025-11-04T05:04:36.373+0000] {logging_mixin.py:188} INFO - [2025-11-04T05:04:36.372+0000] {dagbag.py:545} INFO - Filling up the DagBag from /opt/airflow/dags/pipeline.py
[2025-11-04T05:04:36.596+0000] {processor.py:840} INFO - DAG(s) 'pipeline' retrieved from /opt/airflow/dags/pipeline.py
[2025-11-04T05:04:36.662+0000] {logging_mixin.py:188} INFO - [2025-11-04T05:04:36.661+0000] {dag.py:3096} INFO - Sync 1 DAGs
[2025-11-04T05:04:36.689+0000] {logging_mixin.py:188} INFO - [2025-11-04T05:04:36.688+0000] {dag.py:3954} INFO - Setting next_dagrun for pipeline to 2025-11-03 00:00:00+00:00, run_after=2025-11-04 00:00:00+00:00
[2025-11-04T05:04:36.708+0000] {processor.py:183} INFO - Processing /opt/airflow/dags/pipeline.py took 0.359 seconds
[2025-11-04T05:05:07.005+0000] {processor.py:161} INFO - Started process (PID=251) to work on /opt/airflow/dags/pipeline.py
[2025-11-04T05:05:07.008+0000] {processor.py:830} INFO - Processing file /opt/airflow/dags/pipeline.py for tasks to queue
[2025-11-04T05:05:07.012+0000] {logging_mixin.py:188} INFO - [2025-11-04T05:05:07.011+0000] {dagbag.py:545} INFO - Filling up the DagBag from /opt/airflow/dags/pipeline.py
[2025-11-04T05:05:07.193+0000] {processor.py:840} INFO - DAG(s) 'pipeline' retrieved from /opt/airflow/dags/pipeline.py
[2025-11-04T05:05:07.241+0000] {logging_mixin.py:188} INFO - [2025-11-04T05:05:07.241+0000] {dag.py:3096} INFO - Sync 1 DAGs
[2025-11-04T05:05:07.266+0000] {logging_mixin.py:188} INFO - [2025-11-04T05:05:07.266+0000] {dag.py:3954} INFO - Setting next_dagrun for pipeline to 2025-11-03 00:00:00+00:00, run_after=2025-11-04 00:00:00+00:00
[2025-11-04T05:05:07.285+0000] {processor.py:183} INFO - Processing /opt/airflow/dags/pipeline.py took 0.291 seconds
[2025-11-04T05:05:37.577+0000] {processor.py:161} INFO - Started process (PID=256) to work on /opt/airflow/dags/pipeline.py
[2025-11-04T05:05:37.580+0000] {processor.py:830} INFO - Processing file /opt/airflow/dags/pipeline.py for tasks to queue
[2025-11-04T05:05:37.585+0000] {logging_mixin.py:188} INFO - [2025-11-04T05:05:37.584+0000] {dagbag.py:545} INFO - Filling up the DagBag from /opt/airflow/dags/pipeline.py
[2025-11-04T05:05:37.836+0000] {processor.py:840} INFO - DAG(s) 'pipeline' retrieved from /opt/airflow/dags/pipeline.py
[2025-11-04T05:05:37.952+0000] {logging_mixin.py:188} INFO - [2025-11-04T05:05:37.952+0000] {dag.py:3096} INFO - Sync 1 DAGs
[2025-11-04T05:05:37.990+0000] {logging_mixin.py:188} INFO - [2025-11-04T05:05:37.990+0000] {dag.py:3954} INFO - Setting next_dagrun for pipeline to 2025-11-03 00:00:00+00:00, run_after=2025-11-04 00:00:00+00:00
[2025-11-04T05:05:38.012+0000] {processor.py:183} INFO - Processing /opt/airflow/dags/pipeline.py took 0.455 seconds
[2025-11-04T05:06:08.642+0000] {processor.py:161} INFO - Started process (PID=261) to work on /opt/airflow/dags/pipeline.py
[2025-11-04T05:06:08.644+0000] {processor.py:830} INFO - Processing file /opt/airflow/dags/pipeline.py for tasks to queue
[2025-11-04T05:06:08.648+0000] {logging_mixin.py:188} INFO - [2025-11-04T05:06:08.647+0000] {dagbag.py:545} INFO - Filling up the DagBag from /opt/airflow/dags/pipeline.py
[2025-11-04T05:06:08.857+0000] {processor.py:840} INFO - DAG(s) 'pipeline' retrieved from /opt/airflow/dags/pipeline.py
[2025-11-04T05:06:08.953+0000] {logging_mixin.py:188} INFO - [2025-11-04T05:06:08.951+0000] {dag.py:3096} INFO - Sync 1 DAGs
[2025-11-04T05:06:08.995+0000] {logging_mixin.py:188} INFO - [2025-11-04T05:06:08.994+0000] {dag.py:3954} INFO - Setting next_dagrun for pipeline to 2025-11-03 00:00:00+00:00, run_after=2025-11-04 00:00:00+00:00
[2025-11-04T05:06:09.023+0000] {processor.py:183} INFO - Processing /opt/airflow/dags/pipeline.py took 0.396 seconds
[2025-11-04T05:06:27.155+0000] {processor.py:161} INFO - Started process (PID=266) to work on /opt/airflow/dags/pipeline.py
[2025-11-04T05:06:27.157+0000] {processor.py:830} INFO - Processing file /opt/airflow/dags/pipeline.py for tasks to queue
[2025-11-04T05:06:27.160+0000] {logging_mixin.py:188} INFO - [2025-11-04T05:06:27.159+0000] {dagbag.py:545} INFO - Filling up the DagBag from /opt/airflow/dags/pipeline.py
[2025-11-04T05:06:29.424+0000] {logging_mixin.py:188} INFO - [2025-11-04T05:06:29.424+0000] {font_manager.py:1639} INFO - generated new fontManager
[2025-11-04T05:06:29.703+0000] {processor.py:840} INFO - DAG(s) 'people_company_etl' retrieved from /opt/airflow/dags/pipeline.py
[2025-11-04T05:06:29.823+0000] {logging_mixin.py:188} INFO - [2025-11-04T05:06:29.823+0000] {override.py:1829} INFO - Created Permission View: can delete on DAG:people_company_etl
[2025-11-04T05:06:29.832+0000] {logging_mixin.py:188} INFO - [2025-11-04T05:06:29.832+0000] {override.py:1829} INFO - Created Permission View: can read on DAG:people_company_etl
[2025-11-04T05:06:29.838+0000] {logging_mixin.py:188} INFO - [2025-11-04T05:06:29.838+0000] {override.py:1829} INFO - Created Permission View: can edit on DAG:people_company_etl
[2025-11-04T05:06:29.839+0000] {logging_mixin.py:188} INFO - [2025-11-04T05:06:29.838+0000] {dag.py:3096} INFO - Sync 1 DAGs
[2025-11-04T05:06:29.847+0000] {logging_mixin.py:188} INFO - [2025-11-04T05:06:29.847+0000] {dag.py:3118} INFO - Creating ORM DAG for people_company_etl
[2025-11-04T05:06:29.859+0000] {logging_mixin.py:188} INFO - [2025-11-04T05:06:29.859+0000] {dag.py:3954} INFO - Setting next_dagrun for people_company_etl to 2025-11-03 02:00:00+00:00, run_after=2025-11-04 02:00:00+00:00
[2025-11-04T05:06:29.879+0000] {processor.py:183} INFO - Processing /opt/airflow/dags/pipeline.py took 2.733 seconds
[2025-11-04T05:07:00.371+0000] {processor.py:161} INFO - Started process (PID=274) to work on /opt/airflow/dags/pipeline.py
[2025-11-04T05:07:00.374+0000] {processor.py:830} INFO - Processing file /opt/airflow/dags/pipeline.py for tasks to queue
[2025-11-04T05:07:00.377+0000] {logging_mixin.py:188} INFO - [2025-11-04T05:07:00.377+0000] {dagbag.py:545} INFO - Filling up the DagBag from /opt/airflow/dags/pipeline.py
[2025-11-04T05:07:01.342+0000] {processor.py:840} INFO - DAG(s) 'people_company_etl' retrieved from /opt/airflow/dags/pipeline.py
[2025-11-04T05:07:01.377+0000] {logging_mixin.py:188} INFO - [2025-11-04T05:07:01.377+0000] {dag.py:3096} INFO - Sync 1 DAGs
[2025-11-04T05:07:01.396+0000] {logging_mixin.py:188} INFO - [2025-11-04T05:07:01.396+0000] {dag.py:3954} INFO - Setting next_dagrun for people_company_etl to 2025-11-03 02:00:00+00:00, run_after=2025-11-04 02:00:00+00:00
[2025-11-04T05:07:01.410+0000] {processor.py:183} INFO - Processing /opt/airflow/dags/pipeline.py took 1.049 seconds
[2025-11-04T05:07:31.752+0000] {processor.py:161} INFO - Started process (PID=280) to work on /opt/airflow/dags/pipeline.py
[2025-11-04T05:07:31.754+0000] {processor.py:830} INFO - Processing file /opt/airflow/dags/pipeline.py for tasks to queue
[2025-11-04T05:07:31.757+0000] {logging_mixin.py:188} INFO - [2025-11-04T05:07:31.756+0000] {dagbag.py:545} INFO - Filling up the DagBag from /opt/airflow/dags/pipeline.py
[2025-11-04T05:07:33.117+0000] {processor.py:840} INFO - DAG(s) 'people_company_etl' retrieved from /opt/airflow/dags/pipeline.py
[2025-11-04T05:07:33.218+0000] {logging_mixin.py:188} INFO - [2025-11-04T05:07:33.218+0000] {dag.py:3096} INFO - Sync 1 DAGs
[2025-11-04T05:07:33.250+0000] {logging_mixin.py:188} INFO - [2025-11-04T05:07:33.250+0000] {dag.py:3954} INFO - Setting next_dagrun for people_company_etl to 2025-11-03 02:00:00+00:00, run_after=2025-11-04 02:00:00+00:00
[2025-11-04T05:07:33.272+0000] {processor.py:183} INFO - Processing /opt/airflow/dags/pipeline.py took 1.530 seconds
[2025-11-04T05:08:03.743+0000] {processor.py:161} INFO - Started process (PID=286) to work on /opt/airflow/dags/pipeline.py
[2025-11-04T05:08:03.745+0000] {processor.py:830} INFO - Processing file /opt/airflow/dags/pipeline.py for tasks to queue
[2025-11-04T05:08:03.748+0000] {logging_mixin.py:188} INFO - [2025-11-04T05:08:03.746+0000] {dagbag.py:545} INFO - Filling up the DagBag from /opt/airflow/dags/pipeline.py
[2025-11-04T05:08:05.958+0000] {processor.py:840} INFO - DAG(s) 'people_company_etl' retrieved from /opt/airflow/dags/pipeline.py
[2025-11-04T05:08:06.113+0000] {logging_mixin.py:188} INFO - [2025-11-04T05:08:06.112+0000] {dag.py:3096} INFO - Sync 1 DAGs
[2025-11-04T05:08:06.130+0000] {logging_mixin.py:188} INFO - [2025-11-04T05:08:06.130+0000] {dag.py:3954} INFO - Setting next_dagrun for people_company_etl to 2025-11-03 02:00:00+00:00, run_after=2025-11-04 02:00:00+00:00
[2025-11-04T05:08:06.169+0000] {processor.py:183} INFO - Processing /opt/airflow/dags/pipeline.py took 2.473 seconds
[2025-11-04T05:08:36.534+0000] {processor.py:161} INFO - Started process (PID=310) to work on /opt/airflow/dags/pipeline.py
[2025-11-04T05:08:36.536+0000] {processor.py:830} INFO - Processing file /opt/airflow/dags/pipeline.py for tasks to queue
[2025-11-04T05:08:36.537+0000] {logging_mixin.py:188} INFO - [2025-11-04T05:08:36.537+0000] {dagbag.py:545} INFO - Filling up the DagBag from /opt/airflow/dags/pipeline.py
[2025-11-04T05:08:39.019+0000] {processor.py:840} INFO - DAG(s) 'people_company_etl' retrieved from /opt/airflow/dags/pipeline.py
[2025-11-04T05:08:39.169+0000] {logging_mixin.py:188} INFO - [2025-11-04T05:08:39.167+0000] {dag.py:3096} INFO - Sync 1 DAGs
[2025-11-04T05:08:39.238+0000] {logging_mixin.py:188} INFO - [2025-11-04T05:08:39.238+0000] {dag.py:3954} INFO - Setting next_dagrun for people_company_etl to 2025-11-04 02:00:00+00:00, run_after=2025-11-05 02:00:00+00:00
[2025-11-04T05:08:39.295+0000] {processor.py:183} INFO - Processing /opt/airflow/dags/pipeline.py took 2.770 seconds
[2025-11-04T05:09:09.709+0000] {processor.py:161} INFO - Started process (PID=362) to work on /opt/airflow/dags/pipeline.py
[2025-11-04T05:09:09.712+0000] {processor.py:830} INFO - Processing file /opt/airflow/dags/pipeline.py for tasks to queue
[2025-11-04T05:09:09.713+0000] {logging_mixin.py:188} INFO - [2025-11-04T05:09:09.713+0000] {dagbag.py:545} INFO - Filling up the DagBag from /opt/airflow/dags/pipeline.py
[2025-11-04T05:09:10.726+0000] {processor.py:840} INFO - DAG(s) 'people_company_etl' retrieved from /opt/airflow/dags/pipeline.py
[2025-11-04T05:09:10.772+0000] {logging_mixin.py:188} INFO - [2025-11-04T05:09:10.772+0000] {dag.py:3096} INFO - Sync 1 DAGs
[2025-11-04T05:09:10.799+0000] {logging_mixin.py:188} INFO - [2025-11-04T05:09:10.798+0000] {dag.py:3954} INFO - Setting next_dagrun for people_company_etl to 2025-11-04 02:00:00+00:00, run_after=2025-11-05 02:00:00+00:00
[2025-11-04T05:09:10.822+0000] {processor.py:183} INFO - Processing /opt/airflow/dags/pipeline.py took 1.127 seconds
[2025-11-04T05:09:41.290+0000] {processor.py:161} INFO - Started process (PID=368) to work on /opt/airflow/dags/pipeline.py
[2025-11-04T05:09:41.302+0000] {processor.py:830} INFO - Processing file /opt/airflow/dags/pipeline.py for tasks to queue
[2025-11-04T05:09:41.304+0000] {logging_mixin.py:188} INFO - [2025-11-04T05:09:41.304+0000] {dagbag.py:545} INFO - Filling up the DagBag from /opt/airflow/dags/pipeline.py
[2025-11-04T05:09:43.453+0000] {processor.py:840} INFO - DAG(s) 'people_company_etl' retrieved from /opt/airflow/dags/pipeline.py
[2025-11-04T05:09:43.572+0000] {logging_mixin.py:188} INFO - [2025-11-04T05:09:43.571+0000] {dag.py:3096} INFO - Sync 1 DAGs
[2025-11-04T05:09:43.603+0000] {logging_mixin.py:188} INFO - [2025-11-04T05:09:43.603+0000] {dag.py:3954} INFO - Setting next_dagrun for people_company_etl to 2025-11-04 02:00:00+00:00, run_after=2025-11-05 02:00:00+00:00
[2025-11-04T05:09:43.645+0000] {processor.py:183} INFO - Processing /opt/airflow/dags/pipeline.py took 2.367 seconds
[2025-11-04T05:10:13.904+0000] {processor.py:161} INFO - Started process (PID=374) to work on /opt/airflow/dags/pipeline.py
[2025-11-04T05:10:13.908+0000] {processor.py:830} INFO - Processing file /opt/airflow/dags/pipeline.py for tasks to queue
[2025-11-04T05:10:13.913+0000] {logging_mixin.py:188} INFO - [2025-11-04T05:10:13.913+0000] {dagbag.py:545} INFO - Filling up the DagBag from /opt/airflow/dags/pipeline.py
[2025-11-04T05:10:17.496+0000] {processor.py:840} INFO - DAG(s) 'people_company_etl' retrieved from /opt/airflow/dags/pipeline.py
[2025-11-04T05:10:17.590+0000] {logging_mixin.py:188} INFO - [2025-11-04T05:10:17.589+0000] {dag.py:3096} INFO - Sync 1 DAGs
[2025-11-04T05:10:17.624+0000] {logging_mixin.py:188} INFO - [2025-11-04T05:10:17.624+0000] {dag.py:3954} INFO - Setting next_dagrun for people_company_etl to 2025-11-04 02:00:00+00:00, run_after=2025-11-05 02:00:00+00:00
[2025-11-04T05:10:17.641+0000] {processor.py:183} INFO - Processing /opt/airflow/dags/pipeline.py took 3.759 seconds
[2025-11-04T05:10:48.026+0000] {processor.py:161} INFO - Started process (PID=386) to work on /opt/airflow/dags/pipeline.py
[2025-11-04T05:10:48.029+0000] {processor.py:830} INFO - Processing file /opt/airflow/dags/pipeline.py for tasks to queue
[2025-11-04T05:10:48.033+0000] {logging_mixin.py:188} INFO - [2025-11-04T05:10:48.032+0000] {dagbag.py:545} INFO - Filling up the DagBag from /opt/airflow/dags/pipeline.py
[2025-11-04T05:10:50.032+0000] {processor.py:840} INFO - DAG(s) 'people_company_etl' retrieved from /opt/airflow/dags/pipeline.py
[2025-11-04T05:10:50.082+0000] {logging_mixin.py:188} INFO - [2025-11-04T05:10:50.082+0000] {dag.py:3096} INFO - Sync 1 DAGs
[2025-11-04T05:10:50.103+0000] {logging_mixin.py:188} INFO - [2025-11-04T05:10:50.103+0000] {dag.py:3954} INFO - Setting next_dagrun for people_company_etl to 2025-11-04 02:00:00+00:00, run_after=2025-11-05 02:00:00+00:00
[2025-11-04T05:10:50.122+0000] {processor.py:183} INFO - Processing /opt/airflow/dags/pipeline.py took 2.107 seconds
[2025-11-04T05:11:20.756+0000] {processor.py:161} INFO - Started process (PID=395) to work on /opt/airflow/dags/pipeline.py
[2025-11-04T05:11:20.761+0000] {processor.py:830} INFO - Processing file /opt/airflow/dags/pipeline.py for tasks to queue
[2025-11-04T05:11:20.763+0000] {logging_mixin.py:188} INFO - [2025-11-04T05:11:20.762+0000] {dagbag.py:545} INFO - Filling up the DagBag from /opt/airflow/dags/pipeline.py
[2025-11-04T05:11:22.402+0000] {processor.py:840} INFO - DAG(s) 'people_company_etl' retrieved from /opt/airflow/dags/pipeline.py
[2025-11-04T05:11:22.597+0000] {logging_mixin.py:188} INFO - [2025-11-04T05:11:22.597+0000] {dag.py:3096} INFO - Sync 1 DAGs
[2025-11-04T05:11:22.628+0000] {logging_mixin.py:188} INFO - [2025-11-04T05:11:22.628+0000] {dag.py:3954} INFO - Setting next_dagrun for people_company_etl to 2025-11-04 02:00:00+00:00, run_after=2025-11-05 02:00:00+00:00
[2025-11-04T05:11:22.663+0000] {processor.py:183} INFO - Processing /opt/airflow/dags/pipeline.py took 1.923 seconds
[2025-11-04T05:11:53.077+0000] {processor.py:161} INFO - Started process (PID=401) to work on /opt/airflow/dags/pipeline.py
[2025-11-04T05:11:53.080+0000] {processor.py:830} INFO - Processing file /opt/airflow/dags/pipeline.py for tasks to queue
[2025-11-04T05:11:53.081+0000] {logging_mixin.py:188} INFO - [2025-11-04T05:11:53.081+0000] {dagbag.py:545} INFO - Filling up the DagBag from /opt/airflow/dags/pipeline.py
[2025-11-04T05:11:54.252+0000] {processor.py:840} INFO - DAG(s) 'people_company_etl' retrieved from /opt/airflow/dags/pipeline.py
[2025-11-04T05:11:54.289+0000] {logging_mixin.py:188} INFO - [2025-11-04T05:11:54.289+0000] {dag.py:3096} INFO - Sync 1 DAGs
[2025-11-04T05:11:54.307+0000] {logging_mixin.py:188} INFO - [2025-11-04T05:11:54.306+0000] {dag.py:3954} INFO - Setting next_dagrun for people_company_etl to 2025-11-04 02:00:00+00:00, run_after=2025-11-05 02:00:00+00:00
[2025-11-04T05:11:54.323+0000] {processor.py:183} INFO - Processing /opt/airflow/dags/pipeline.py took 1.258 seconds
[2025-11-04T05:12:24.672+0000] {processor.py:161} INFO - Started process (PID=407) to work on /opt/airflow/dags/pipeline.py
[2025-11-04T05:12:24.674+0000] {processor.py:830} INFO - Processing file /opt/airflow/dags/pipeline.py for tasks to queue
[2025-11-04T05:12:24.676+0000] {logging_mixin.py:188} INFO - [2025-11-04T05:12:24.675+0000] {dagbag.py:545} INFO - Filling up the DagBag from /opt/airflow/dags/pipeline.py
[2025-11-04T05:12:25.943+0000] {processor.py:840} INFO - DAG(s) 'people_company_etl' retrieved from /opt/airflow/dags/pipeline.py
[2025-11-04T05:12:26.005+0000] {logging_mixin.py:188} INFO - [2025-11-04T05:12:26.004+0000] {dag.py:3096} INFO - Sync 1 DAGs
[2025-11-04T05:12:26.024+0000] {logging_mixin.py:188} INFO - [2025-11-04T05:12:26.024+0000] {dag.py:3954} INFO - Setting next_dagrun for people_company_etl to 2025-11-04 02:00:00+00:00, run_after=2025-11-05 02:00:00+00:00
[2025-11-04T05:12:26.041+0000] {processor.py:183} INFO - Processing /opt/airflow/dags/pipeline.py took 1.377 seconds
[2025-11-04T05:12:56.359+0000] {processor.py:161} INFO - Started process (PID=413) to work on /opt/airflow/dags/pipeline.py
[2025-11-04T05:12:56.362+0000] {processor.py:830} INFO - Processing file /opt/airflow/dags/pipeline.py for tasks to queue
[2025-11-04T05:12:56.364+0000] {logging_mixin.py:188} INFO - [2025-11-04T05:12:56.363+0000] {dagbag.py:545} INFO - Filling up the DagBag from /opt/airflow/dags/pipeline.py
[2025-11-04T05:12:57.230+0000] {processor.py:840} INFO - DAG(s) 'people_company_etl' retrieved from /opt/airflow/dags/pipeline.py
[2025-11-04T05:12:57.274+0000] {logging_mixin.py:188} INFO - [2025-11-04T05:12:57.274+0000] {dag.py:3096} INFO - Sync 1 DAGs
[2025-11-04T05:12:57.294+0000] {logging_mixin.py:188} INFO - [2025-11-04T05:12:57.294+0000] {dag.py:3954} INFO - Setting next_dagrun for people_company_etl to 2025-11-04 02:00:00+00:00, run_after=2025-11-05 02:00:00+00:00
[2025-11-04T05:12:57.309+0000] {processor.py:183} INFO - Processing /opt/airflow/dags/pipeline.py took 0.961 seconds
[2025-11-04T05:13:27.854+0000] {processor.py:161} INFO - Started process (PID=419) to work on /opt/airflow/dags/pipeline.py
[2025-11-04T05:13:27.858+0000] {processor.py:830} INFO - Processing file /opt/airflow/dags/pipeline.py for tasks to queue
[2025-11-04T05:13:27.860+0000] {logging_mixin.py:188} INFO - [2025-11-04T05:13:27.859+0000] {dagbag.py:545} INFO - Filling up the DagBag from /opt/airflow/dags/pipeline.py
[2025-11-04T05:13:29.022+0000] {processor.py:840} INFO - DAG(s) 'people_company_etl' retrieved from /opt/airflow/dags/pipeline.py
[2025-11-04T05:13:29.070+0000] {logging_mixin.py:188} INFO - [2025-11-04T05:13:29.070+0000] {dag.py:3096} INFO - Sync 1 DAGs
[2025-11-04T05:13:29.089+0000] {logging_mixin.py:188} INFO - [2025-11-04T05:13:29.089+0000] {dag.py:3954} INFO - Setting next_dagrun for people_company_etl to 2025-11-04 02:00:00+00:00, run_after=2025-11-05 02:00:00+00:00
[2025-11-04T05:13:29.110+0000] {processor.py:183} INFO - Processing /opt/airflow/dags/pipeline.py took 1.269 seconds
[2025-11-04T05:13:59.378+0000] {processor.py:161} INFO - Started process (PID=425) to work on /opt/airflow/dags/pipeline.py
[2025-11-04T05:13:59.381+0000] {processor.py:830} INFO - Processing file /opt/airflow/dags/pipeline.py for tasks to queue
[2025-11-04T05:13:59.383+0000] {logging_mixin.py:188} INFO - [2025-11-04T05:13:59.382+0000] {dagbag.py:545} INFO - Filling up the DagBag from /opt/airflow/dags/pipeline.py
[2025-11-04T05:14:00.366+0000] {processor.py:840} INFO - DAG(s) 'people_company_etl' retrieved from /opt/airflow/dags/pipeline.py
[2025-11-04T05:14:00.396+0000] {logging_mixin.py:188} INFO - [2025-11-04T05:14:00.396+0000] {dag.py:3096} INFO - Sync 1 DAGs
[2025-11-04T05:14:00.413+0000] {logging_mixin.py:188} INFO - [2025-11-04T05:14:00.412+0000] {dag.py:3954} INFO - Setting next_dagrun for people_company_etl to 2025-11-04 02:00:00+00:00, run_after=2025-11-05 02:00:00+00:00
[2025-11-04T05:14:00.434+0000] {processor.py:183} INFO - Processing /opt/airflow/dags/pipeline.py took 1.069 seconds
[2025-11-04T05:14:30.678+0000] {processor.py:161} INFO - Started process (PID=431) to work on /opt/airflow/dags/pipeline.py
[2025-11-04T05:14:30.682+0000] {processor.py:830} INFO - Processing file /opt/airflow/dags/pipeline.py for tasks to queue
[2025-11-04T05:14:30.684+0000] {logging_mixin.py:188} INFO - [2025-11-04T05:14:30.683+0000] {dagbag.py:545} INFO - Filling up the DagBag from /opt/airflow/dags/pipeline.py
[2025-11-04T05:14:31.918+0000] {processor.py:840} INFO - DAG(s) 'people_company_etl' retrieved from /opt/airflow/dags/pipeline.py
[2025-11-04T05:14:31.965+0000] {logging_mixin.py:188} INFO - [2025-11-04T05:14:31.965+0000] {dag.py:3096} INFO - Sync 1 DAGs
[2025-11-04T05:14:31.986+0000] {logging_mixin.py:188} INFO - [2025-11-04T05:14:31.986+0000] {dag.py:3954} INFO - Setting next_dagrun for people_company_etl to 2025-11-04 02:00:00+00:00, run_after=2025-11-05 02:00:00+00:00
[2025-11-04T05:14:32.004+0000] {processor.py:183} INFO - Processing /opt/airflow/dags/pipeline.py took 1.343 seconds
[2025-11-04T05:15:02.970+0000] {processor.py:161} INFO - Started process (PID=437) to work on /opt/airflow/dags/pipeline.py
[2025-11-04T05:15:02.975+0000] {processor.py:830} INFO - Processing file /opt/airflow/dags/pipeline.py for tasks to queue
[2025-11-04T05:15:02.978+0000] {logging_mixin.py:188} INFO - [2025-11-04T05:15:02.977+0000] {dagbag.py:545} INFO - Filling up the DagBag from /opt/airflow/dags/pipeline.py
[2025-11-04T05:15:04.366+0000] {processor.py:840} INFO - DAG(s) 'people_company_etl' retrieved from /opt/airflow/dags/pipeline.py
[2025-11-04T05:15:04.395+0000] {logging_mixin.py:188} INFO - [2025-11-04T05:15:04.394+0000] {dag.py:3096} INFO - Sync 1 DAGs
[2025-11-04T05:15:04.417+0000] {logging_mixin.py:188} INFO - [2025-11-04T05:15:04.416+0000] {dag.py:3954} INFO - Setting next_dagrun for people_company_etl to 2025-11-04 02:00:00+00:00, run_after=2025-11-05 02:00:00+00:00
[2025-11-04T05:15:04.428+0000] {processor.py:183} INFO - Processing /opt/airflow/dags/pipeline.py took 1.477 seconds
[2025-11-04T05:15:50.965+0000] {processor.py:161} INFO - Started process (PID=443) to work on /opt/airflow/dags/pipeline.py
[2025-11-04T05:15:50.968+0000] {processor.py:830} INFO - Processing file /opt/airflow/dags/pipeline.py for tasks to queue
[2025-11-04T05:15:50.969+0000] {logging_mixin.py:188} INFO - [2025-11-04T05:15:50.968+0000] {dagbag.py:545} INFO - Filling up the DagBag from /opt/airflow/dags/pipeline.py
[2025-11-04T05:15:51.601+0000] {processor.py:840} INFO - DAG(s) 'people_company_etl' retrieved from /opt/airflow/dags/pipeline.py
[2025-11-04T05:15:51.627+0000] {logging_mixin.py:188} INFO - [2025-11-04T05:15:51.627+0000] {dag.py:3096} INFO - Sync 1 DAGs
[2025-11-04T05:15:51.640+0000] {logging_mixin.py:188} INFO - [2025-11-04T05:15:51.640+0000] {dag.py:3954} INFO - Setting next_dagrun for people_company_etl to 2025-11-04 02:00:00+00:00, run_after=2025-11-05 02:00:00+00:00
[2025-11-04T05:15:51.651+0000] {processor.py:183} INFO - Processing /opt/airflow/dags/pipeline.py took 0.692 seconds
[2025-11-04T05:18:24.666+0000] {processor.py:161} INFO - Started process (PID=449) to work on /opt/airflow/dags/pipeline.py
[2025-11-04T05:18:24.673+0000] {processor.py:830} INFO - Processing file /opt/airflow/dags/pipeline.py for tasks to queue
[2025-11-04T05:18:24.676+0000] {logging_mixin.py:188} INFO - [2025-11-04T05:18:24.674+0000] {dagbag.py:545} INFO - Filling up the DagBag from /opt/airflow/dags/pipeline.py
[2025-11-04T05:18:25.812+0000] {processor.py:840} INFO - DAG(s) 'people_company_etl' retrieved from /opt/airflow/dags/pipeline.py
[2025-11-04T05:18:25.850+0000] {logging_mixin.py:188} INFO - [2025-11-04T05:18:25.849+0000] {dag.py:3096} INFO - Sync 1 DAGs
[2025-11-04T05:18:25.863+0000] {logging_mixin.py:188} INFO - [2025-11-04T05:18:25.863+0000] {dag.py:3954} INFO - Setting next_dagrun for people_company_etl to 2025-11-04 02:00:00+00:00, run_after=2025-11-05 02:00:00+00:00
[2025-11-04T05:18:25.877+0000] {processor.py:183} INFO - Processing /opt/airflow/dags/pipeline.py took 1.232 seconds
[2025-11-04T05:22:28.297+0000] {processor.py:161} INFO - Started process (PID=455) to work on /opt/airflow/dags/pipeline.py
[2025-11-04T05:22:28.299+0000] {processor.py:830} INFO - Processing file /opt/airflow/dags/pipeline.py for tasks to queue
[2025-11-04T05:22:28.301+0000] {logging_mixin.py:188} INFO - [2025-11-04T05:22:28.300+0000] {dagbag.py:545} INFO - Filling up the DagBag from /opt/airflow/dags/pipeline.py
[2025-11-04T05:22:29.113+0000] {processor.py:840} INFO - DAG(s) 'people_company_etl' retrieved from /opt/airflow/dags/pipeline.py
[2025-11-04T05:22:29.137+0000] {logging_mixin.py:188} INFO - [2025-11-04T05:22:29.136+0000] {dag.py:3096} INFO - Sync 1 DAGs
[2025-11-04T05:22:29.149+0000] {logging_mixin.py:188} INFO - [2025-11-04T05:22:29.149+0000] {dag.py:3954} INFO - Setting next_dagrun for people_company_etl to 2025-11-04 02:00:00+00:00, run_after=2025-11-05 02:00:00+00:00
[2025-11-04T05:22:29.160+0000] {processor.py:183} INFO - Processing /opt/airflow/dags/pipeline.py took 0.872 seconds
[2025-11-04T05:25:25.629+0000] {processor.py:161} INFO - Started process (PID=461) to work on /opt/airflow/dags/pipeline.py
[2025-11-04T05:25:25.630+0000] {processor.py:830} INFO - Processing file /opt/airflow/dags/pipeline.py for tasks to queue
[2025-11-04T05:25:25.631+0000] {logging_mixin.py:188} INFO - [2025-11-04T05:25:25.630+0000] {dagbag.py:545} INFO - Filling up the DagBag from /opt/airflow/dags/pipeline.py
[2025-11-04T05:25:26.457+0000] {processor.py:840} INFO - DAG(s) 'people_company_etl' retrieved from /opt/airflow/dags/pipeline.py
[2025-11-04T05:25:26.496+0000] {logging_mixin.py:188} INFO - [2025-11-04T05:25:26.496+0000] {dag.py:3096} INFO - Sync 1 DAGs
[2025-11-04T05:25:26.514+0000] {logging_mixin.py:188} INFO - [2025-11-04T05:25:26.513+0000] {dag.py:3954} INFO - Setting next_dagrun for people_company_etl to 2025-11-04 02:00:00+00:00, run_after=2025-11-05 02:00:00+00:00
[2025-11-04T05:25:26.527+0000] {processor.py:183} INFO - Processing /opt/airflow/dags/pipeline.py took 0.905 seconds
[2025-11-04T05:25:56.839+0000] {processor.py:161} INFO - Started process (PID=467) to work on /opt/airflow/dags/pipeline.py
[2025-11-04T05:25:56.842+0000] {processor.py:830} INFO - Processing file /opt/airflow/dags/pipeline.py for tasks to queue
[2025-11-04T05:25:56.843+0000] {logging_mixin.py:188} INFO - [2025-11-04T05:25:56.842+0000] {dagbag.py:545} INFO - Filling up the DagBag from /opt/airflow/dags/pipeline.py
[2025-11-04T05:25:57.911+0000] {processor.py:840} INFO - DAG(s) 'people_company_etl' retrieved from /opt/airflow/dags/pipeline.py
[2025-11-04T05:25:57.941+0000] {logging_mixin.py:188} INFO - [2025-11-04T05:25:57.941+0000] {dag.py:3096} INFO - Sync 1 DAGs
[2025-11-04T05:25:57.952+0000] {logging_mixin.py:188} INFO - [2025-11-04T05:25:57.951+0000] {dag.py:3954} INFO - Setting next_dagrun for people_company_etl to 2025-11-04 02:00:00+00:00, run_after=2025-11-05 02:00:00+00:00
[2025-11-04T05:25:57.962+0000] {processor.py:183} INFO - Processing /opt/airflow/dags/pipeline.py took 1.133 seconds
[2025-11-04T05:27:04.908+0000] {processor.py:161} INFO - Started process (PID=473) to work on /opt/airflow/dags/pipeline.py
[2025-11-04T05:27:04.914+0000] {processor.py:830} INFO - Processing file /opt/airflow/dags/pipeline.py for tasks to queue
[2025-11-04T05:27:04.918+0000] {logging_mixin.py:188} INFO - [2025-11-04T05:27:04.916+0000] {dagbag.py:545} INFO - Filling up the DagBag from /opt/airflow/dags/pipeline.py
[2025-11-04T05:27:06.615+0000] {processor.py:840} INFO - DAG(s) 'people_company_etl' retrieved from /opt/airflow/dags/pipeline.py
[2025-11-04T05:27:06.645+0000] {logging_mixin.py:188} INFO - [2025-11-04T05:27:06.645+0000] {dag.py:3096} INFO - Sync 1 DAGs
[2025-11-04T05:27:06.663+0000] {logging_mixin.py:188} INFO - [2025-11-04T05:27:06.662+0000] {dag.py:3954} INFO - Setting next_dagrun for people_company_etl to 2025-11-04 02:00:00+00:00, run_after=2025-11-05 02:00:00+00:00
[2025-11-04T05:27:06.684+0000] {processor.py:183} INFO - Processing /opt/airflow/dags/pipeline.py took 1.805 seconds
[2025-11-04T05:27:37.106+0000] {processor.py:161} INFO - Started process (PID=479) to work on /opt/airflow/dags/pipeline.py
[2025-11-04T05:27:37.110+0000] {processor.py:830} INFO - Processing file /opt/airflow/dags/pipeline.py for tasks to queue
[2025-11-04T05:27:37.111+0000] {logging_mixin.py:188} INFO - [2025-11-04T05:27:37.110+0000] {dagbag.py:545} INFO - Filling up the DagBag from /opt/airflow/dags/pipeline.py
[2025-11-04T05:27:38.472+0000] {processor.py:840} INFO - DAG(s) 'people_company_etl' retrieved from /opt/airflow/dags/pipeline.py
[2025-11-04T05:27:38.511+0000] {logging_mixin.py:188} INFO - [2025-11-04T05:27:38.511+0000] {dag.py:3096} INFO - Sync 1 DAGs
[2025-11-04T05:27:38.531+0000] {logging_mixin.py:188} INFO - [2025-11-04T05:27:38.531+0000] {dag.py:3954} INFO - Setting next_dagrun for people_company_etl to 2025-11-04 02:00:00+00:00, run_after=2025-11-05 02:00:00+00:00
[2025-11-04T05:27:38.547+0000] {processor.py:183} INFO - Processing /opt/airflow/dags/pipeline.py took 1.458 seconds
[2025-11-04T05:28:08.848+0000] {processor.py:161} INFO - Started process (PID=485) to work on /opt/airflow/dags/pipeline.py
[2025-11-04T05:28:08.851+0000] {processor.py:830} INFO - Processing file /opt/airflow/dags/pipeline.py for tasks to queue
[2025-11-04T05:28:08.852+0000] {logging_mixin.py:188} INFO - [2025-11-04T05:28:08.852+0000] {dagbag.py:545} INFO - Filling up the DagBag from /opt/airflow/dags/pipeline.py
[2025-11-04T05:28:10.331+0000] {processor.py:840} INFO - DAG(s) 'people_company_etl' retrieved from /opt/airflow/dags/pipeline.py
[2025-11-04T05:28:10.411+0000] {logging_mixin.py:188} INFO - [2025-11-04T05:28:10.410+0000] {dag.py:3096} INFO - Sync 1 DAGs
[2025-11-04T05:28:10.438+0000] {logging_mixin.py:188} INFO - [2025-11-04T05:28:10.437+0000] {dag.py:3954} INFO - Setting next_dagrun for people_company_etl to 2025-11-04 02:00:00+00:00, run_after=2025-11-05 02:00:00+00:00
[2025-11-04T05:28:10.455+0000] {processor.py:183} INFO - Processing /opt/airflow/dags/pipeline.py took 1.623 seconds
