[2025-11-04T05:08:46.209+0000] {local_task_job_runner.py:120} INFO - ::group::Pre task execution logs
[2025-11-04T05:08:46.289+0000] {taskinstance.py:2076} INFO - Dependencies all met for dep_context=non-requeueable deps ti=<TaskInstance: people_company_etl.transform_merge.clean_persons manual__2025-11-04T05:07:58+00:00 [queued]>
[2025-11-04T05:08:46.331+0000] {taskinstance.py:2076} INFO - Dependencies all met for dep_context=requeueable deps ti=<TaskInstance: people_company_etl.transform_merge.clean_persons manual__2025-11-04T05:07:58+00:00 [queued]>
[2025-11-04T05:08:46.332+0000] {taskinstance.py:2306} INFO - Starting attempt 1 of 2
[2025-11-04T05:08:46.372+0000] {taskinstance.py:2330} INFO - Executing <Task(_PythonDecoratedOperator): transform_merge.clean_persons> on 2025-11-04 05:07:58+00:00
[2025-11-04T05:08:46.405+0000] {logging_mixin.py:188} WARNING - /home/***/.local/lib/python3.12/site-packages/***/task/task_runner/standard_task_runner.py:61 DeprecationWarning: This process (pid=318) is multi-threaded, use of fork() may lead to deadlocks in the child.
[2025-11-04T05:08:46.415+0000] {standard_task_runner.py:63} INFO - Started process 329 to run task
[2025-11-04T05:08:46.412+0000] {standard_task_runner.py:90} INFO - Running: ['***', 'tasks', 'run', 'people_company_etl', 'transform_merge.clean_persons', 'manual__2025-11-04T05:07:58+00:00', '--job-id', '11', '--raw', '--subdir', 'DAGS_FOLDER/pipeline.py', '--cfg-path', '/tmp/tmpln7ih3ta']
[2025-11-04T05:08:46.425+0000] {standard_task_runner.py:91} INFO - Job 11: Subtask transform_merge.clean_persons
[2025-11-04T05:08:46.671+0000] {task_command.py:426} INFO - Running <TaskInstance: people_company_etl.transform_merge.clean_persons manual__2025-11-04T05:07:58+00:00 [running]> on host 573d80711400
[2025-11-04T05:08:46.958+0000] {taskinstance.py:2648} INFO - Exporting env vars: AIRFLOW_CTX_DAG_OWNER='freddy' AIRFLOW_CTX_DAG_ID='people_company_etl' AIRFLOW_CTX_TASK_ID='transform_merge.clean_persons' AIRFLOW_CTX_EXECUTION_DATE='2025-11-04T05:07:58+00:00' AIRFLOW_CTX_TRY_NUMBER='1' AIRFLOW_CTX_DAG_RUN_ID='manual__2025-11-04T05:07:58+00:00'
[2025-11-04T05:08:46.962+0000] {taskinstance.py:430} INFO - ::endgroup::
[2025-11-04T05:08:46.966+0000] {taskinstance.py:441} INFO - ::group::Post task execution logs
[2025-11-04T05:08:46.967+0000] {taskinstance.py:2905} ERROR - Task failed with exception
Traceback (most recent call last):
  File "/home/airflow/.local/lib/python3.12/site-packages/airflow/models/taskinstance.py", line 465, in _execute_task
    result = _execute_callable(context=context, **execute_callable_kwargs)
             ^^^^^^^^^^^^^^^^^^^^^^^^^^^^^^^^^^^^^^^^^^^^^^^^^^^^^^^^^^^^^
  File "/home/airflow/.local/lib/python3.12/site-packages/airflow/models/taskinstance.py", line 432, in _execute_callable
    return execute_callable(context=context, **execute_callable_kwargs)
           ^^^^^^^^^^^^^^^^^^^^^^^^^^^^^^^^^^^^^^^^^^^^^^^^^^^^^^^^^^^^
  File "/home/airflow/.local/lib/python3.12/site-packages/airflow/models/baseoperator.py", line 401, in wrapper
    return func(self, *args, **kwargs)
           ^^^^^^^^^^^^^^^^^^^^^^^^^^^
  File "/home/airflow/.local/lib/python3.12/site-packages/airflow/decorators/base.py", line 265, in execute
    return_value = super().execute(context)
                   ^^^^^^^^^^^^^^^^^^^^^^^^
  File "/home/airflow/.local/lib/python3.12/site-packages/airflow/models/baseoperator.py", line 401, in wrapper
    return func(self, *args, **kwargs)
           ^^^^^^^^^^^^^^^^^^^^^^^^^^^
  File "/home/airflow/.local/lib/python3.12/site-packages/airflow/operators/python.py", line 235, in execute
    return_value = self.execute_callable()
                   ^^^^^^^^^^^^^^^^^^^^^^^
  File "/home/airflow/.local/lib/python3.12/site-packages/airflow/operators/python.py", line 252, in execute_callable
    return self.python_callable(*self.op_args, **self.op_kwargs)
           ^^^^^^^^^^^^^^^^^^^^^^^^^^^^^^^^^^^^^^^^^^^^^^^^^^^^^
  File "/opt/airflow/dags/pipeline.py", line 138, in clean_persons
    df = pd.read_csv(path)
         ^^^^^^^^^^^^^^^^^
  File "/home/airflow/.local/lib/python3.12/site-packages/pandas/io/parsers/readers.py", line 948, in read_csv
    return _read(filepath_or_buffer, kwds)
           ^^^^^^^^^^^^^^^^^^^^^^^^^^^^^^^
  File "/home/airflow/.local/lib/python3.12/site-packages/pandas/io/parsers/readers.py", line 611, in _read
    parser = TextFileReader(filepath_or_buffer, **kwds)
             ^^^^^^^^^^^^^^^^^^^^^^^^^^^^^^^^^^^^^^^^^^
  File "/home/airflow/.local/lib/python3.12/site-packages/pandas/io/parsers/readers.py", line 1448, in __init__
    self._engine = self._make_engine(f, self.engine)
                   ^^^^^^^^^^^^^^^^^^^^^^^^^^^^^^^^^
  File "/home/airflow/.local/lib/python3.12/site-packages/pandas/io/parsers/readers.py", line 1705, in _make_engine
    self.handles = get_handle(
                   ^^^^^^^^^^^
  File "/home/airflow/.local/lib/python3.12/site-packages/pandas/io/common.py", line 863, in get_handle
    handle = open(
             ^^^^^
FileNotFoundError: [Errno 2] No such file or directory: '/opt/airflow/data/raw/persons.csv'
[2025-11-04T05:08:46.984+0000] {taskinstance.py:1206} INFO - Marking task as UP_FOR_RETRY. dag_id=people_company_etl, task_id=transform_merge.clean_persons, run_id=manual__2025-11-04T05:07:58+00:00, execution_date=20251104T050758, start_date=20251104T050846, end_date=20251104T050846
[2025-11-04T05:08:47.018+0000] {standard_task_runner.py:110} ERROR - Failed to execute job 11 for task transform_merge.clean_persons ([Errno 2] No such file or directory: '/opt/airflow/data/raw/persons.csv'; 329)
[2025-11-04T05:08:47.035+0000] {local_task_job_runner.py:240} INFO - Task exited with return code 1
[2025-11-04T05:08:47.069+0000] {taskinstance.py:3503} INFO - 0 downstream tasks scheduled from follow-on schedule check
[2025-11-04T05:08:47.075+0000] {local_task_job_runner.py:222} INFO - ::endgroup::
