[2025-11-04T04:51:40.395+0000] {manager.py:470} INFO - Processing files using up to 2 processes at a time 
[2025-11-04T04:51:40.399+0000] {manager.py:471} INFO - Process each file at most once every 30 seconds
[2025-11-04T04:51:40.406+0000] {manager.py:472} INFO - Checking for new files in /opt/airflow/dags every 300 seconds
[2025-11-04T04:51:40.411+0000] {manager.py:737} INFO - Searching for files in /opt/airflow/dags
[2025-11-04T04:51:40.440+0000] {manager.py:740} INFO - There are 1 files in /opt/airflow/dags
[2025-11-04T04:51:40.799+0000] {manager.py:878} INFO - 
================================================================================
DAG File Processing Stats

File Path                        PID  Runtime      # DAGs    # Errors  Last Runtime    Last Run
-----------------------------  -----  ---------  --------  ----------  --------------  ----------
/opt/airflow/dags/pipeline.py    188  0.08s             0           0
================================================================================
[2025-11-04T04:52:08.284+0000] {manager.py:452} INFO - Exiting gracefully upon receiving signal 15
[2025-11-04T04:57:57.146+0000] {manager.py:470} INFO - Processing files using up to 2 processes at a time 
[2025-11-04T04:57:57.148+0000] {manager.py:471} INFO - Process each file at most once every 30 seconds
[2025-11-04T04:57:57.149+0000] {manager.py:472} INFO - Checking for new files in /opt/airflow/dags every 300 seconds
[2025-11-04T04:57:57.152+0000] {manager.py:737} INFO - Searching for files in /opt/airflow/dags
[2025-11-04T04:57:57.176+0000] {manager.py:740} INFO - There are 1 files in /opt/airflow/dags
[2025-11-04T04:57:57.559+0000] {manager.py:878} INFO - 
================================================================================
DAG File Processing Stats

File Path                        PID  Runtime      # DAGs    # Errors  Last Runtime    Last Run
-----------------------------  -----  ---------  --------  ----------  --------------  ----------
/opt/airflow/dags/pipeline.py    181  0.06s             0           0
================================================================================
[2025-11-04T04:58:27.591+0000] {manager.py:878} INFO - 
================================================================================
DAG File Processing Stats

File Path                      PID    Runtime      # DAGs    # Errors  Last Runtime    Last Run
-----------------------------  -----  ---------  --------  ----------  --------------  -------------------
/opt/airflow/dags/pipeline.py                           1           0  0.84s           2025-11-04T04:57:58
================================================================================
[2025-11-04T04:58:58.105+0000] {manager.py:878} INFO - 
================================================================================
DAG File Processing Stats

File Path                      PID    Runtime      # DAGs    # Errors  Last Runtime    Last Run
-----------------------------  -----  ---------  --------  ----------  --------------  -------------------
/opt/airflow/dags/pipeline.py                           1           0  0.52s           2025-11-04T04:58:29
================================================================================
[2025-11-04T04:59:28.614+0000] {manager.py:878} INFO - 
================================================================================
DAG File Processing Stats

File Path                      PID    Runtime      # DAGs    # Errors  Last Runtime    Last Run
-----------------------------  -----  ---------  --------  ----------  --------------  -------------------
/opt/airflow/dags/pipeline.py                           1           0  0.37s           2025-11-04T04:58:59
================================================================================
[2025-11-04T04:59:58.681+0000] {manager.py:878} INFO - 
================================================================================
DAG File Processing Stats

File Path                      PID    Runtime      # DAGs    # Errors  Last Runtime    Last Run
-----------------------------  -----  ---------  --------  ----------  --------------  -------------------
/opt/airflow/dags/pipeline.py                           1           0  0.34s           2025-11-04T04:59:30
================================================================================
[2025-11-04T05:00:29.191+0000] {manager.py:878} INFO - 
================================================================================
DAG File Processing Stats

File Path                      PID    Runtime      # DAGs    # Errors  Last Runtime    Last Run
-----------------------------  -----  ---------  --------  ----------  --------------  -------------------
/opt/airflow/dags/pipeline.py                           1           0  0.50s           2025-11-04T05:00:01
================================================================================
[2025-11-04T05:00:59.805+0000] {manager.py:878} INFO - 
================================================================================
DAG File Processing Stats

File Path                      PID    Runtime      # DAGs    # Errors  Last Runtime    Last Run
-----------------------------  -----  ---------  --------  ----------  --------------  -------------------
/opt/airflow/dags/pipeline.py                           1           0  0.41s           2025-11-04T05:00:31
================================================================================
[2025-11-04T05:01:30.097+0000] {manager.py:878} INFO - 
================================================================================
DAG File Processing Stats

File Path                      PID    Runtime      # DAGs    # Errors  Last Runtime    Last Run
-----------------------------  -----  ---------  --------  ----------  --------------  -------------------
/opt/airflow/dags/pipeline.py                           1           0  0.51s           2025-11-04T05:01:02
================================================================================
[2025-11-04T05:02:00.877+0000] {manager.py:878} INFO - 
================================================================================
DAG File Processing Stats

File Path                      PID    Runtime      # DAGs    # Errors  Last Runtime    Last Run
-----------------------------  -----  ---------  --------  ----------  --------------  -------------------
/opt/airflow/dags/pipeline.py                           1           0  0.25s           2025-11-04T05:01:32
================================================================================
[2025-11-04T05:02:31.482+0000] {manager.py:878} INFO - 
================================================================================
DAG File Processing Stats

File Path                      PID    Runtime      # DAGs    # Errors  Last Runtime    Last Run
-----------------------------  -----  ---------  --------  ----------  --------------  -------------------
/opt/airflow/dags/pipeline.py                           1           0  0.33s           2025-11-04T05:02:03
================================================================================
[2025-11-04T05:02:57.705+0000] {manager.py:737} INFO - Searching for files in /opt/airflow/dags
[2025-11-04T05:02:57.726+0000] {manager.py:740} INFO - There are 1 files in /opt/airflow/dags
[2025-11-04T05:03:02.123+0000] {manager.py:878} INFO - 
================================================================================
DAG File Processing Stats

File Path                      PID    Runtime      # DAGs    # Errors  Last Runtime    Last Run
-----------------------------  -----  ---------  --------  ----------  --------------  -------------------
/opt/airflow/dags/pipeline.py                           1           0  0.35s           2025-11-04T05:02:33
================================================================================
[2025-11-04T05:03:32.245+0000] {manager.py:878} INFO - 
================================================================================
DAG File Processing Stats

File Path                      PID    Runtime      # DAGs    # Errors  Last Runtime    Last Run
-----------------------------  -----  ---------  --------  ----------  --------------  -------------------
/opt/airflow/dags/pipeline.py                           1           0  0.84s           2025-11-04T05:03:05
================================================================================
[2025-11-04T05:04:02.648+0000] {manager.py:878} INFO - 
================================================================================
DAG File Processing Stats

File Path                      PID    Runtime      # DAGs    # Errors  Last Runtime    Last Run
-----------------------------  -----  ---------  --------  ----------  --------------  -------------------
/opt/airflow/dags/pipeline.py                           1           0  0.30s           2025-11-04T05:03:35
================================================================================
[2025-11-04T05:04:33.018+0000] {manager.py:878} INFO - 
================================================================================
DAG File Processing Stats

File Path                      PID    Runtime      # DAGs    # Errors  Last Runtime    Last Run
-----------------------------  -----  ---------  --------  ----------  --------------  -------------------
/opt/airflow/dags/pipeline.py                           1           0  0.35s           2025-11-04T05:04:06
================================================================================
[2025-11-04T05:05:03.529+0000] {manager.py:878} INFO - 
================================================================================
DAG File Processing Stats

File Path                      PID    Runtime      # DAGs    # Errors  Last Runtime    Last Run
-----------------------------  -----  ---------  --------  ----------  --------------  -------------------
/opt/airflow/dags/pipeline.py                           1           0  0.40s           2025-11-04T05:04:36
================================================================================
[2025-11-04T05:05:34.254+0000] {manager.py:878} INFO - 
================================================================================
DAG File Processing Stats

File Path                      PID    Runtime      # DAGs    # Errors  Last Runtime    Last Run
-----------------------------  -----  ---------  --------  ----------  --------------  -------------------
/opt/airflow/dags/pipeline.py                           1           0  0.33s           2025-11-04T05:05:07
================================================================================
[2025-11-04T05:06:04.510+0000] {manager.py:878} INFO - 
================================================================================
DAG File Processing Stats

File Path                      PID    Runtime      # DAGs    # Errors  Last Runtime    Last Run
-----------------------------  -----  ---------  --------  ----------  --------------  -------------------
/opt/airflow/dags/pipeline.py                           1           0  0.51s           2025-11-04T05:05:38
================================================================================
[2025-11-04T05:06:34.928+0000] {manager.py:878} INFO - 
================================================================================
DAG File Processing Stats

File Path                      PID    Runtime      # DAGs    # Errors  Last Runtime    Last Run
-----------------------------  -----  ---------  --------  ----------  --------------  -------------------
/opt/airflow/dags/pipeline.py                           1           0  2.77s           2025-11-04T05:06:29
================================================================================
[2025-11-04T05:07:05.412+0000] {manager.py:878} INFO - 
================================================================================
DAG File Processing Stats

File Path                      PID    Runtime      # DAGs    # Errors  Last Runtime    Last Run
-----------------------------  -----  ---------  --------  ----------  --------------  -------------------
/opt/airflow/dags/pipeline.py                           1           0  1.09s           2025-11-04T05:07:01
================================================================================
[2025-11-04T05:07:35.757+0000] {manager.py:878} INFO - 
================================================================================
DAG File Processing Stats

File Path                      PID    Runtime      # DAGs    # Errors  Last Runtime    Last Run
-----------------------------  -----  ---------  --------  ----------  --------------  -------------------
/opt/airflow/dags/pipeline.py                           1           0  1.57s           2025-11-04T05:07:33
================================================================================
[2025-11-04T05:07:58.026+0000] {manager.py:737} INFO - Searching for files in /opt/airflow/dags
[2025-11-04T05:07:58.034+0000] {manager.py:740} INFO - There are 1 files in /opt/airflow/dags
[2025-11-04T05:08:06.198+0000] {manager.py:878} INFO - 
================================================================================
DAG File Processing Stats

File Path                      PID    Runtime      # DAGs    # Errors  Last Runtime    Last Run
-----------------------------  -----  ---------  --------  ----------  --------------  -------------------
/opt/airflow/dags/pipeline.py                           1           0  2.57s           2025-11-04T05:08:06
================================================================================
[2025-11-04T05:08:36.516+0000] {manager.py:878} INFO - 
================================================================================
DAG File Processing Stats

File Path                        PID  Runtime      # DAGs    # Errors  Last Runtime    Last Run
-----------------------------  -----  ---------  --------  ----------  --------------  -------------------
/opt/airflow/dags/pipeline.py    310  0.01s             1           0  2.57s           2025-11-04T05:08:06
================================================================================
[2025-11-04T05:09:06.639+0000] {manager.py:878} INFO - 
================================================================================
DAG File Processing Stats

File Path                      PID    Runtime      # DAGs    # Errors  Last Runtime    Last Run
-----------------------------  -----  ---------  --------  ----------  --------------  -------------------
/opt/airflow/dags/pipeline.py                           1           0  2.82s           2025-11-04T05:08:39
================================================================================
[2025-11-04T05:09:37.145+0000] {manager.py:878} INFO - 
================================================================================
DAG File Processing Stats

File Path                      PID    Runtime      # DAGs    # Errors  Last Runtime    Last Run
-----------------------------  -----  ---------  --------  ----------  --------------  -------------------
/opt/airflow/dags/pipeline.py                           1           0  1.19s           2025-11-04T05:09:10
================================================================================
[2025-11-04T05:10:07.768+0000] {manager.py:878} INFO - 
================================================================================
DAG File Processing Stats

File Path                      PID    Runtime      # DAGs    # Errors  Last Runtime    Last Run
-----------------------------  -----  ---------  --------  ----------  --------------  -------------------
/opt/airflow/dags/pipeline.py                           1           0  2.44s           2025-11-04T05:09:43
================================================================================
[2025-11-04T05:10:37.870+0000] {manager.py:878} INFO - 
================================================================================
DAG File Processing Stats

File Path                      PID    Runtime      # DAGs    # Errors  Last Runtime    Last Run
-----------------------------  -----  ---------  --------  ----------  --------------  -------------------
/opt/airflow/dags/pipeline.py                           1           0  3.83s           2025-11-04T05:10:17
================================================================================
[2025-11-04T05:11:08.387+0000] {manager.py:878} INFO - 
================================================================================
DAG File Processing Stats

File Path                      PID    Runtime      # DAGs    # Errors  Last Runtime    Last Run
-----------------------------  -----  ---------  --------  ----------  --------------  -------------------
/opt/airflow/dags/pipeline.py                           1           0  2.16s           2025-11-04T05:10:50
================================================================================
[2025-11-04T05:11:38.911+0000] {manager.py:878} INFO - 
================================================================================
DAG File Processing Stats

File Path                      PID    Runtime      # DAGs    # Errors  Last Runtime    Last Run
-----------------------------  -----  ---------  --------  ----------  --------------  -------------------
/opt/airflow/dags/pipeline.py                           1           0  2.00s           2025-11-04T05:11:22
================================================================================
[2025-11-04T05:12:09.409+0000] {manager.py:878} INFO - 
================================================================================
DAG File Processing Stats

File Path                      PID    Runtime      # DAGs    # Errors  Last Runtime    Last Run
-----------------------------  -----  ---------  --------  ----------  --------------  -------------------
/opt/airflow/dags/pipeline.py                           1           0  1.30s           2025-11-04T05:11:54
================================================================================
[2025-11-04T05:12:39.777+0000] {manager.py:878} INFO - 
================================================================================
DAG File Processing Stats

File Path                      PID    Runtime      # DAGs    # Errors  Last Runtime    Last Run
-----------------------------  -----  ---------  --------  ----------  --------------  -------------------
/opt/airflow/dags/pipeline.py                           1           0  1.41s           2025-11-04T05:12:26
================================================================================
[2025-11-04T05:12:58.335+0000] {manager.py:737} INFO - Searching for files in /opt/airflow/dags
[2025-11-04T05:12:58.340+0000] {manager.py:740} INFO - There are 1 files in /opt/airflow/dags
[2025-11-04T05:13:09.990+0000] {manager.py:878} INFO - 
================================================================================
DAG File Processing Stats

File Path                      PID    Runtime      # DAGs    # Errors  Last Runtime    Last Run
-----------------------------  -----  ---------  --------  ----------  --------------  -------------------
/opt/airflow/dags/pipeline.py                           1           0  1.02s           2025-11-04T05:12:57
================================================================================
[2025-11-04T05:13:40.208+0000] {manager.py:878} INFO - 
================================================================================
DAG File Processing Stats

File Path                      PID    Runtime      # DAGs    # Errors  Last Runtime    Last Run
-----------------------------  -----  ---------  --------  ----------  --------------  -------------------
/opt/airflow/dags/pipeline.py                           1           0  1.32s           2025-11-04T05:13:29
================================================================================
[2025-11-04T05:14:10.425+0000] {manager.py:878} INFO - 
================================================================================
DAG File Processing Stats

File Path                      PID    Runtime      # DAGs    # Errors  Last Runtime    Last Run
-----------------------------  -----  ---------  --------  ----------  --------------  -------------------
/opt/airflow/dags/pipeline.py                           1           0  1.11s           2025-11-04T05:14:00
================================================================================
[2025-11-04T05:14:40.875+0000] {manager.py:878} INFO - 
================================================================================
DAG File Processing Stats

File Path                      PID    Runtime      # DAGs    # Errors  Last Runtime    Last Run
-----------------------------  -----  ---------  --------  ----------  --------------  -------------------
/opt/airflow/dags/pipeline.py                           1           0  1.39s           2025-11-04T05:14:32
================================================================================
[2025-11-04T05:15:54.503+0000] {manager.py:878} INFO - 
================================================================================
DAG File Processing Stats

File Path                      PID    Runtime      # DAGs    # Errors  Last Runtime    Last Run
-----------------------------  -----  ---------  --------  ----------  --------------  -------------------
/opt/airflow/dags/pipeline.py                           1           0  0.72s           2025-11-04T05:15:51
================================================================================
[2025-11-04T05:18:24.581+0000] {manager.py:737} INFO - Searching for files in /opt/airflow/dags
[2025-11-04T05:18:24.589+0000] {manager.py:740} INFO - There are 1 files in /opt/airflow/dags
[2025-11-04T05:18:28.694+0000] {manager.py:878} INFO - 
================================================================================
DAG File Processing Stats

File Path                      PID    Runtime      # DAGs    # Errors  Last Runtime    Last Run
-----------------------------  -----  ---------  --------  ----------  --------------  -------------------
/opt/airflow/dags/pipeline.py                           1           0  1.27s           2025-11-04T05:18:25
================================================================================
[2025-11-04T05:22:32.205+0000] {manager.py:878} INFO - 
================================================================================
DAG File Processing Stats

File Path                      PID    Runtime      # DAGs    # Errors  Last Runtime    Last Run
-----------------------------  -----  ---------  --------  ----------  --------------  -------------------
/opt/airflow/dags/pipeline.py                           1           0  0.90s           2025-11-04T05:22:29
================================================================================
[2025-11-04T05:25:25.585+0000] {manager.py:737} INFO - Searching for files in /opt/airflow/dags
[2025-11-04T05:25:25.591+0000] {manager.py:740} INFO - There are 1 files in /opt/airflow/dags
[2025-11-04T05:25:30.586+0000] {manager.py:878} INFO - 
================================================================================
DAG File Processing Stats

File Path                      PID    Runtime      # DAGs    # Errors  Last Runtime    Last Run
-----------------------------  -----  ---------  --------  ----------  --------------  -------------------
/opt/airflow/dags/pipeline.py                           1           0  0.93s           2025-11-04T05:25:26
================================================================================
[2025-11-04T05:26:00.862+0000] {manager.py:878} INFO - 
================================================================================
DAG File Processing Stats

File Path                      PID    Runtime      # DAGs    # Errors  Last Runtime    Last Run
-----------------------------  -----  ---------  --------  ----------  --------------  -------------------
/opt/airflow/dags/pipeline.py                           1           0  1.16s           2025-11-04T05:25:57
================================================================================
[2025-11-04T05:27:10.763+0000] {manager.py:878} INFO - 
================================================================================
DAG File Processing Stats

File Path                      PID    Runtime      # DAGs    # Errors  Last Runtime    Last Run
-----------------------------  -----  ---------  --------  ----------  --------------  -------------------
/opt/airflow/dags/pipeline.py                           1           0  1.88s           2025-11-04T05:27:06
================================================================================
[2025-11-04T05:27:41.128+0000] {manager.py:878} INFO - 
================================================================================
DAG File Processing Stats

File Path                      PID    Runtime      # DAGs    # Errors  Last Runtime    Last Run
-----------------------------  -----  ---------  --------  ----------  --------------  -------------------
/opt/airflow/dags/pipeline.py                           1           0  1.50s           2025-11-04T05:27:38
================================================================================
[2025-11-04T05:28:11.488+0000] {manager.py:878} INFO - 
================================================================================
DAG File Processing Stats

File Path                      PID    Runtime      # DAGs    # Errors  Last Runtime    Last Run
-----------------------------  -----  ---------  --------  ----------  --------------  -------------------
/opt/airflow/dags/pipeline.py                           1           0  1.66s           2025-11-04T05:28:10
================================================================================
